[home]
map = wwwwwwwwww
      w........w
      w..w..?...
      ..........
      w........w
      wwwwwwwwww
east = outside1
west = outside4

[outside1]
map = mmmmmmmmmmmmmmmmmmmmmmmmmmmmmmm
      m.............................m
      ..............................m
      ..............................m
      m.............................m
      m.............................m
      m.............................m
      m.............................m
      m.............................m
      m..mmmmmmmmmmmmmmmmmmmmmmmmmmmm
west = home
south = outside2

[outside2]
map = w..www
      w.....
      w.....
      wwwwww
north = outside1
east = outside3

[outside3]
map = wwwwwww
      ......w
      ......w
      wwww..w
west = outside2
south = outside4

[outside4]
map = wwww..wwww
      w........w
      w........w
      w.........
      w........w
      w........w
      wwwwwwwwww
north = outside3
east = home

[?]
file = akitoki.png
block = true
pnj = true
pnj_file = akitoki

[.]
name = grass3
file = grass3.png
block = false
pnj = false

[w]
name = wall
file = wall2.png
block = true
pnj = false

[m]
name = tree
file = tree.png
block = true
pnj = false

