[home]
map = wwwwwwwwww
      w~,,,,,,Hw
      w,,,,,?,,,
      w,,,,,,,,,
      w,,hTl,,,w
      wwwwwwwwww
east = outside1

[outside1]
map = mmmmmmmmmmmmmmm
      m.............m
      __............m
      __............m
      m__...........m
      m__mmmmmmmmmmmm
west = home
south = outside2

[outside2]
map = i__iii
      i_____
      i.____
      i.!..i
      iiiiii
north = outside1
east = outside3

[outside3]
map = wwwwwww
      ......w
      ......w
      wwww..w
west = outside2
south = outside4

[outside4]
map = wwww..wwww
      w........w
      w........w
      w.........
      w........w
      w........w
      wwwwwwwwww
north = outside3
east = outside4

[?]
file = akitoki.png
block = true
pnj = true
pnj_file = akitoki

[!]
file = akira.png
block = true
pnj = true
pnj_file = akira

[h]
name = chair
file = chair.png
block = false
pnj = false

[l]
name = chair reverse
file = chair_reverse.png
block = false
pnj = false

[T]
name = table
file = table.png
block = true
pnj = false

[~]
name = carpet
file = carpet.png
block = false
pnj = false

[H]
name = fridge
file = fridge.png
block = false
pnj = false

[.]
name = light grass
file = grass3.png
block = false
pnj = false

[,]
name = plank
file = plank.jpg
block = false
pnj = false

[_]
name = dirt
file = dirt.png
block = false
pnj = false

[w]
name = wall
file = wall_brick.png
block = true
pnj = false

[m]
name = tree round
file = tree_round.png
block = true
pnj = false

[i]
name = simple dark tree
file = tree_simpledark.png
block = true
pnj = false
